testing -1
testing -1
testing -1
testing -1
testing -1
testing -1
testing -1
testing -1
testing -1
